2026-05-05 03:53:29,327 | INFO | Logging initialized
2026-05-05 03:53:29,327 | INFO | Pipeline start
2026-05-05 03:53:29,330 | INFO | Loaded funds: 1719 unique (from 1719 lines)
2026-05-05 03:53:29,330 | INFO | Duplicates removed: 0
2026-05-05 03:53:30,846 | INFO | AMFI master loaded: 14368 schemes
2026-05-05 03:53:30,859 | INFO | Mapping complete: mapped=1713 | missing=6
2026-05-05 03:53:30,873 | INFO | Unmatched report written: d:\Tools\MutualFundPerformance\output\unmatched_funds.csv
2026-05-05 03:54:47,195 | INFO | Logging initialized
2026-05-05 03:54:47,196 | INFO | Pipeline start
2026-05-05 03:54:47,201 | INFO | Loaded funds: 1719 unique (from 1719 lines)
2026-05-05 03:54:47,205 | INFO | Duplicates removed: 0
2026-05-05 03:54:49,153 | INFO | AMFI master loaded: 14368 schemes
2026-05-05 03:54:49,169 | INFO | Mapping complete: mapped=1713 | missing=6
2026-05-05 03:54:49,175 | INFO | Unmatched report written: d:\Tools\MutualFundPerformance\output\unmatched_funds.csv
2026-05-05 03:55:11,971 | INFO | Processed 100 funds...
2026-05-05 03:55:32,392 | INFO | Processed 200 funds...
2026-05-05 03:55:53,039 | INFO | Processed 300 funds...
2026-05-05 03:56:15,047 | INFO | Processed 400 funds...
2026-05-05 03:56:35,885 | INFO | Processed 500 funds...
2026-05-05 03:56:57,490 | INFO | Processed 600 funds...
2026-05-05 03:57:18,786 | INFO | Processed 700 funds...
2026-05-05 03:57:40,377 | INFO | Processed 800 funds...
2026-05-05 03:58:02,467 | INFO | Processed 900 funds...
2026-05-05 03:58:24,400 | INFO | Processed 1000 funds...
2026-05-05 03:58:45,318 | INFO | Processed 1100 funds...
2026-05-05 03:59:06,387 | INFO | Processed 1200 funds...
2026-05-05 03:59:27,961 | INFO | Processed 1300 funds...
2026-05-05 03:59:48,762 | INFO | Processed 1400 funds...
2026-05-05 04:00:09,355 | INFO | Processed 1500 funds...
2026-05-05 04:00:32,889 | INFO | Processed 1600 funds...
2026-05-05 04:00:54,016 | INFO | Processed 1700 funds...
2026-05-05 04:00:55,720 | INFO | Engine completed in 366.54 seconds
2026-05-05 04:00:55,798 | INFO | Top-3 output written: d:\Tools\MutualFundPerformance\output\top_funds_output.csv
2026-05-05 04:00:55,799 | INFO | Run summary written: d:\Tools\MutualFundPerformance\output\run_summary.json
2026-05-05 04:00:55,799 | INFO | {'total_input_funds': 1719, 'mapped_funds': 1713, 'successfully_processed': 1713, 'failed': 0, 'runtime_seconds': 366.54, 'timestamp': '2026-05-05T04:00:55.798677'}
2026-05-05 04:41:37,263 | INFO | Pipeline start
2026-05-05 04:41:37,271 | INFO | Loaded 1681 unique funds
2026-05-05 04:41:38,637 | INFO | Mapped: 1 | Missing: 1680
2026-05-05 04:41:39,251 | INFO | {'total_input': 1681, 'mapped': 1, 'success': 1, 'failed': 0, 'timestamp': '2026-05-05T04:41:39.250900'}
2026-05-05 04:45:25,496 | INFO | Pipeline start
2026-05-05 04:45:25,502 | INFO | Loaded 1681 unique funds
2026-05-05 04:45:26,872 | INFO | Mapped: 1 | Missing: 1680
2026-05-05 04:45:27,516 | WARNING | 1M: Only 1 funds available (<3). Output will be partial.
2026-05-05 04:45:27,517 | WARNING | 3M: Only 1 funds available (<3). Output will be partial.
2026-05-05 04:45:27,517 | WARNING | 6M: Only 1 funds available (<3). Output will be partial.
2026-05-05 04:45:27,517 | WARNING | YTD: Only 1 funds available (<3). Output will be partial.
2026-05-05 04:45:42,208 | INFO | Pipeline start
2026-05-05 04:45:42,213 | INFO | Loaded 1681 unique funds
2026-05-05 04:45:43,605 | INFO | Mapped: 1 | Missing: 1680
2026-05-05 04:45:44,210 | WARNING | 1M: Only 1 funds available (<3). Output will be partial.
2026-05-05 04:45:44,211 | WARNING | 3M: Only 1 funds available (<3). Output will be partial.
2026-05-05 04:45:44,211 | WARNING | 6M: Only 1 funds available (<3). Output will be partial.
2026-05-05 04:45:44,211 | WARNING | YTD: Only 1 funds available (<3). Output will be partial.
2026-05-05 04:45:44,216 | INFO | {'total_input': 1681, 'mapped': 1, 'success': 1, 'failed': 0, 'timestamp': '2026-05-05T04:45:44.215572'}
